Report time       : Thu Oct  3 19:02:30 WEDT 2019.
Simulation tool   : xsim.

+----------+----------+-----------------------------------------------+-----------------------------------------------+
|          |          |                    Latency                    |                    Interval                   |
+   RTL    +  Status  +-----------------------------------------------+-----------------------------------------------+
|          |          |      min      |      avg      |      max      |      min      |      avg      |      max      |
+----------+----------+-----------------------------------------------+-----------------------------------------------+
|      VHDL|      Pass|             NA|             NA|             NA|             NA|             NA|             NA|
|   Verilog|        NA|             NA|             NA|             NA|             NA|             NA|             NA|
+----------+----------+-----------------------------------------------+-----------------------------------------------+
